// Jest Snapshot v1, https://goo.gl/fbAQLP

exports[`Display RocketsList component it matches snapshot 1`] = `
<ul
  className="rocketsList"
/>
`;
